input contents |% empty file
|
(no query given)
stringed file contents (size=0, remaining=300)
||
