input contents |%hello
c() :- a(). a(b).
|
(no query given)
stringed file contents (size=18, remaining=1582)
|c() :- a().
a(b).|
