input contents |hellom1123_AS12_1() :- a(), b().
c() :- a(). a(b).
|
(no query given)
stringed file contents (size=51, remaining=249)
|hellom1123_AS12_1() :- a(), b().
c() :- a().
a(b).|
