input contents |hellom1123_AS12_1(a, B, a123) :- a(), b().
c() :- a(). a(b).
|
(no query given)
stringed file contents (size=61, remaining=1539)
|hellom1123_AS12_1(a, B, a123) :- a(), b().
c() :- a().
a(b).|
