input contents |c() :- a(). a(b).
|
(no query given)
stringed file contents (size=17, remaining=1583)
|c() :- a().
a(b).|
