input contents |c() :- a(). a().
|
(no query given)
stringed file contents (size=15, remaining=285)
|c() :- a()
a().|
