input contents |c() :- a().
|
(no query given)
stringed file contents (size=12, remaining=1588)
|c() :- a().|
