input contents |a().
|
(no query given)
stringed file contents (size=5, remaining=295)
|a().|
