input contents |   a2(b2).   a(b). 

   a1(b1). 
  a3(b3). 
  a3(b4). 
|
(no query given)
stringed file contents (size=38, remaining=262)
|a2(b2).
a(b).
a1(b1).
a3(b3).
a3(b4).|
