input contents |a(X, Y) :- b(X), c(Y).
a(X, bla) :- b(X), c(X).
b(h1).
b(h2).
c(h3).
|
(no query given)
stringed file contents (size=64, remaining=236)
|a(X, Y) :- b(X), c(Y)
a(X, bla) :- b(X), c(X)
b(h1)
b(h2)
c(h3).|
