input contents |a(X, Y) :- b(X), c(Y).
b(h1).
b(h2).
c(h3).
|
(no query given)
stringed file contents (size=44, remaining=2556)
|a(X, Y) :- b(X), c(Y).
b(h1).
b(h2).
c(h3).|
