input contents |% empty file
|
(no query given)
stringed file contents (size=0, remaining=3000)
||
stringed file contents strlen=0
