input contents |%hello
c() :- a(). a(b).
|
(no query given)
stringed file contents (size=57, remaining=1943)
|predicate_c() :- predicate_a().
predicate_a(constant_b).|
stringed file contents strlen=56
