input contents |hellom1123_AS12_1() :- a(), b().
c() :- a(). a(b).
|
(no query given)
stringed file contents (size=120, remaining=1880)
|predicate_hellom1123_AS12_1() :- predicate_a(), predicate_b().
predicate_c() :- predicate_a().
predicate_a(constant_b).|
stringed file contents strlen=119
