input contents |hellom1123_AS12_1() :- a(), b(), c(), d().
c() :- a(). a(b).
|
(no query given)
stringed file contents (size=150, remaining=2850)
|predicate_hellom1123_AS12_1() :- predicate_a(), predicate_b(), predicate_c(), predicate_d().
predicate_c() :- predicate_a().
predicate_a(constant_b).|
stringed file contents strlen=149
