input contents |hellom1123_AS12_1(a, B, a123) :- a(), b(c___,a1, "a").
c() :- a(). a(b).
|
(no query given)
stringed file contents (size=179, remaining=1821)
|predicate_hellom1123_AS12_1(constant_a, B, constant_a123) :- predicate_a(), predicate_b(constant_c___, constant_a1, "a").
predicate_c() :- predicate_a().
predicate_a(constant_b).|
stringed file contents strlen=178
