input contents |
c() :- a().
|
(no query given)
stringed file contents (size=32, remaining=1968)
|predicate_c() :- predicate_a().|
stringed file contents strlen=31
