input contents |c() :- a().
|
(no query given)
stringed file contents (size=12, remaining=1988)
|c() :- a().|
stringed file contents strlen=11
