input contents |a().
|
(no query given)
stringed file contents (size=15, remaining=1985)
|predicate_a().|
stringed file contents strlen=14
