input contents |a(X, Y) :- b(X), c(Y).
b(h1).
b(h2).
c(h3).
|
(no query given)
stringed file contents (size=131, remaining=1869)
|predicate_a(X, Y) :- predicate_b(X), predicate_c(Y).
predicate_b(constant_h1).
predicate_b(constant_h2).
predicate_c(constant_h3).|
stringed file contents strlen=130
