input contents |% Example of recursive predicate.

a().
b() :- c().
b() :- b().

|
(no query given)
stringed file contents (size=79, remaining=1921)
|predicate_a().
predicate_b() :- predicate_c().
predicate_b() :- predicate_b().|
stringed file contents strlen=78
